2025-11-29 12:27:22,686 [INFO] Initializing Training...
2025-11-29 12:27:22,687 [INFO] TensorBoard: runs/sac_lagrangian_cnn/20251129_122722
2025-11-29 12:27:22,687 [INFO] Models: models/20251129_122722
2025-11-29 12:27:22,687 [INFO] Config: {'__module__': 'Train.config', 'DATA_PATH': 'Data/BTCUSDT_futures_volume_5years_5min.csv', 'WINDOW_SIZE': 288, 'LEVERAGE': 10, 'TRANSACTION_FEE': 0.04, 'INITIAL_BALANCE': 10000, 'MIN_EPISODE_STEPS': 10000, 'MAINTENANCE_MARGIN_RATE': 0.005, 'TOTAL_TIMESTEPS': 1000000000, 'BATCH_SIZE': 1024, 'BUFFER_SIZE': 100000, 'LEARNING_STARTS': 5000, 'GAMMA': 0.99, 'TAU': 0.005, 'LR': 0.0003, 'SEED': 42, 'DEVICE': 'cuda', 'NUM_ENVS': 32, 'LOG_INTERVAL': 10000, 'COST_LIMITS': [0.1, 0.1], 'MARGIN_SAFE': 1.5, 'COST_LIQ_PENALTY': 5.0, 'DD_SOFT': 0.2, 'DD_MAX_PENALTY': 5.0, '__dict__': <attribute '__dict__' of 'Config' objects>, '__weakref__': <attribute '__weakref__' of 'Config' objects>, '__doc__': None}
2025-11-29 12:27:22,688 [INFO] Loading data from Data/BTCUSDT_futures_volume_5years_5min.csv...
2025-11-29 12:28:30,709 [INFO] Obs Space: PriceSeq (288, 6), StateVec 20
2025-11-29 12:28:30,709 [INFO] Action Space: 1
2025-11-29 12:28:31,712 [INFO] Starting training loop...
2025-11-29 12:28:46,238 [INFO] Model saved at step 10016
2025-11-29 12:29:14,075 [INFO] Model saved at step 20000
2025-11-29 12:29:43,459 [INFO] Model saved at step 30016
2025-11-29 12:30:12,760 [INFO] Model saved at step 40000
2025-11-29 12:30:43,656 [INFO] Model saved at step 50016
2025-11-29 12:31:10,259 [INFO] Initializing Training...
2025-11-29 12:31:10,261 [INFO] TensorBoard: runs/sac_lagrangian_cnn/20251129_123110
2025-11-29 12:31:10,261 [INFO] Models: models/20251129_123110
2025-11-29 12:31:10,261 [INFO] Config: {'__module__': 'Train.config', 'DATA_PATH': 'Data/BTCUSDT_futures_volume_5years_5min.csv', 'WINDOW_SIZE': 288, 'LEVERAGE': 10, 'TRANSACTION_FEE': 0.04, 'INITIAL_BALANCE': 10000, 'MIN_EPISODE_STEPS': 10000, 'MAINTENANCE_MARGIN_RATE': 0.005, 'TOTAL_TIMESTEPS': 1000000000, 'BATCH_SIZE': 1024, 'BUFFER_SIZE': 100000, 'LEARNING_STARTS': 5000, 'GAMMA': 0.99, 'TAU': 0.005, 'LR': 0.0003, 'SEED': 42, 'DEVICE': 'cuda', 'NUM_ENVS': 32, 'LOG_INTERVAL': 10000, 'COST_LIMITS': [0.1, 0.1], 'MARGIN_SAFE': 1.5, 'COST_LIQ_PENALTY': 5.0, 'DD_SOFT': 0.2, 'DD_MAX_PENALTY': 5.0, '__dict__': <attribute '__dict__' of 'Config' objects>, '__weakref__': <attribute '__weakref__' of 'Config' objects>, '__doc__': None}
2025-11-29 12:31:10,261 [INFO] Loading data from Data/BTCUSDT_futures_volume_5years_5min.csv...
2025-11-29 12:32:11,653 [INFO] Obs Space: PriceSeq (288, 6), StateVec 20
2025-11-29 12:32:11,653 [INFO] Action Space: 1
2025-11-29 12:32:12,513 [INFO] Starting training loop...
2025-11-29 12:32:26,748 [INFO] Model saved at step 10016
2025-11-29 12:32:54,482 [INFO] Model saved at step 20000
2025-11-29 12:33:22,392 [INFO] Model saved at step 30016
2025-11-29 12:33:50,283 [INFO] Model saved at step 40000
2025-11-29 12:34:18,203 [INFO] Model saved at step 50016
2025-11-29 12:34:45,980 [INFO] Model saved at step 60000
2025-11-29 12:35:14,018 [INFO] Model saved at step 70016
2025-11-29 12:35:42,184 [INFO] Model saved at step 80000
2025-11-29 12:36:10,404 [INFO] Model saved at step 90016
2025-11-29 12:36:38,494 [INFO] Model saved at step 100000
2025-11-29 12:37:06,425 [INFO] Model saved at step 110016
2025-11-29 12:37:34,424 [INFO] Model saved at step 120000
2025-11-29 12:38:02,623 [INFO] Model saved at step 130016
2025-11-29 12:38:30,627 [INFO] Model saved at step 140000
2025-11-29 12:38:58,783 [INFO] Model saved at step 150016
2025-11-29 12:39:27,009 [INFO] Model saved at step 160000
2025-11-29 12:39:55,388 [INFO] Model saved at step 170016
2025-11-29 12:40:23,524 [INFO] Model saved at step 180000
2025-11-29 12:40:51,924 [INFO] Model saved at step 190016
2025-11-29 12:41:20,181 [INFO] Model saved at step 200000
2025-11-29 12:41:48,536 [INFO] Model saved at step 210016
2025-11-29 12:42:16,721 [INFO] Model saved at step 220000
2025-11-29 12:42:45,034 [INFO] Model saved at step 230016
2025-11-29 12:43:13,036 [INFO] Model saved at step 240000
2025-11-29 12:43:41,343 [INFO] Model saved at step 250016
2025-11-29 12:44:09,605 [INFO] Model saved at step 260000
2025-11-29 12:44:37,750 [INFO] Model saved at step 270016
2025-11-29 12:45:05,789 [INFO] Model saved at step 280000
2025-11-29 12:45:33,355 [INFO] Model saved at step 290016
2025-11-29 12:46:02,729 [INFO] Model saved at step 300000
2025-11-29 12:46:31,617 [INFO] Model saved at step 310016
2025-11-29 12:46:59,319 [INFO] Model saved at step 320000
2025-11-29 12:47:27,382 [INFO] Model saved at step 330016
2025-12-25 21:15:37,019 [INFO] Initializing Training...
2025-12-25 21:15:37,022 [INFO] TensorBoard: runs/sac_lagrangian_cnn/20251225_211537
2025-12-25 21:15:37,022 [INFO] Models: models/20251225_211537
2025-12-25 21:15:37,023 [INFO] Config: {'__module__': 'Train.config', '__doc__': '\n    全域配置：交易強化學習環境\n    \n    本類整合所有超參數，包含：\n    1. 數據載入\n    2. 市場機理參數（槓桿、手續費、保證金）\n    3. 強化學習訓練（超參數、網路等）\n    4. 獎勵塑形與成本約束\n    5. 策略限制（停損、風險預算）\n    ', 'DATA_PATH': 'Data/BTCUSDT_futures_volume_5years_5min.csv', 'WINDOW_SIZE': 864, 'INITIAL_BALANCE': 10000, 'MIN_BALANCE': 100.0, 'MIN_EPISODE_STEPS': 8760.0, 'MAX_EPISODE_STEPS': 8760.0, 'LEVERAGE': 10, 'TRANSACTION_FEE': 0.005, 'FEE_CURRICULUM_ENABLED': True, 'FEE_CURRICULUM_INITIAL_MULT': 0.05, 'FEE_CURRICULUM_STEP_MULT': 0.05, 'FEE_CURRICULUM_WINRATE_THRESHOLD': 0.6, 'FEE_CURRICULUM_AVG_PROFIT_THRESHOLD_PCT': 20.0, 'FEE_CURRICULUM_MIN_EPISODES': 50, 'FEE_CURRICULUM_MIN_EPISODES_BETWEEN_ADVANCES': 50, 'FEE_MULT_WARMUP_STEPS': 500000, 'FEE_MULT_RAMP_STEPS': None, 'MARKET_STATE_COLS': ['dollar_volume_log_z', 'amihud_z', 'parkinson_vol_z', 'kyle_lambda_z', 'vpin_z', 'trade_entropy_z', 'vol_imbalance_z', 'trades_z', 'hl_spread_z', 'macd_z', 'macd_hist_z', 'smc_structure_trend', 'smc_sweep_up', 'smc_sweep_down', 'smc_dist_to_swing_high', 'smc_dist_to_swing_low', 'smc_displacement_z', 'profile_density', 'lt_ret_5d_z', 'lt_vol_regime', 'lt_vol_5d_z', 'bias_15m', 'bias_1h', 'bias_1d', 'price_pos_in_range', 'atr_z_score', 'tradability_score'], 'MACRO_ENABLED': True, 'MACRO_DATA_DIR': 'Data', 'DAILY_WINDOW_SIZE': 60, 'MACRO_ROLLING_Z_WINDOW': 365, 'MACRO_ROLLING_Z_MIN_PERIODS': 30, 'MACRO_FILES': {'altcoin_season': 'altcoin_season_index_history.csv', 'bmo': 'bitcoin_macro_oscillator_index_history.csv', 'sopr': 'bitcoin_sth_sopr_index_history.csv', 'fear_greed': 'fear_greed_index_history.csv', 'coinglass_btc_1d': 'BTCUSDT_futures_volume_coinglass_5years_1d.csv'}, 'MAINTENANCE_MARGIN_RATE': 0.005, 'LIQUIDATION_WARN_PCT': 0.005, 'STOP_LOSS_WARN_PCT': 0.002, 'MIN_POSITION_CHANGE': 0.3, 'MAX_STEP_POS_CHANGE_PCT': 0.75, 'MAX_POSITION_PCT': 0.75, 'STOP_LOSS_ATR': 4, 'STOP_LOSS_LIQ_BUFFER_PCT': 0.002, 'STOP_LOSS_COOLDOWN_STEPS': 6, 'ACTION_SMOOTHING_ALPHA': 0.8, 'FLIP_BUDGET_MAX': 1.0, 'FLIP_COST': 0.25, 'FLIP_THRESHOLD': 0.2, 'FLIP_RECOVERY_RATE': 0.01, 'FLIP_PROFIT_RECOVERY_RATE': 0.1, 'FEE_LIMIT_ENABLED': False, 'FEE_LIMIT_RATIO': 0.2, 'FEE_ROLLING_WINDOW': 2000, 'REWARD_LOG_RET_WEIGHT': 1, 'REWARD_CONVICTION_TREND_BONUS_WEIGHT': 0.3, 'REWARD_CONVICTION_TREND_MIN_STRENGTH': 0.8, 'REWARD_CONVICTION_MIN_ABS_POS': 0.3, 'ACTION_REPEAT': 1, 'TOTAL_TIMESTEPS': 10000000, 'BATCH_SIZE': 64, 'BUFFER_SIZE': 500000, 'LEARNING_STARTS': 100000, 'GAMMA': 0.99, 'TAU': 0.005, 'LR': 0.0003, 'SEED': 42, 'DEVICE': 'cuda', 'TURNOVER_TAU_MAX': 0.5, 'COST_TURNOVER_FLIP_MULT': 1.0, 'COST_TURNOVER_RISK_REDUCING_MULT': 0.1, 'DEATH_P_MAX': 0.001, 'COST_MARGIN_TARGET': 1.5, 'MARGIN_VIOLATION_MAX': 0.05, 'COST_SL_SAFE_BAND': 0.02, 'STOPLOSS_PROX_VIOLATION_MAX': 0.2, 'COST_SL_MISSING_ALPHA': 0.8, 'COST_SL_MISSING_LCAP': 10, 'COST_SL_CLIP': 1.0, 'COST_SL_TREND_WEIGHT': 0.1, 'COST_LIMITS': [49.99999999999996, 0.09999999999999991, 4.999999999999996, 19.999999999999982], 'LAGRANGIAN_LR': 0.001, 'LAMBDA_LOG_CLAMP_MIN': -5.0, 'LAMBDA_LOG_CLAMP_MAX': 5.0, 'COST_LIMIT_ANNEAL_STEPS': 1000000, 'COST_LIMIT_MULT_START': 50.0, 'COST_LIMIT_MULT_END': 1.0, 'LAGRANGIAN_WARMUP_STEPS': 500000, 'LAGRANGIAN_RAMP_STEPS': 500000, 'LAGRANGIAN_COST_EMA_BETA': 0.99, 'TURNOVER_NOTIONAL_SCALE': None, 'NUM_ENVS': 64, 'LOG_INTERVAL': 219000.0, 'STEP_LOG_ENABLED': False, 'STEP_LOG_DIR': 'step_logs', 'STEP_LOG_EVERY_N': 64, 'FILTER_SMALL_ACTION_THRESHOLD': 0.3, 'FILTER_SMALL_REWARD_THRESHOLD': 0.005, 'FILTER_DROP_PROBABILITY': 0.0, '__dict__': <attribute '__dict__' of 'Config' objects>, '__weakref__': <attribute '__weakref__' of 'Config' objects>}
2025-12-25 21:15:37,024 [INFO] Loading data from Data/BTCUSDT_futures_volume_5years_5min.csv...
2025-12-25 21:17:40,228 [INFO] Fee curriculum initialized: fee_mult=0.05, fee_rate=0.000250
2025-12-25 21:17:41,309 [INFO] Obs Space: PriceSeq (864, 9), DailySeq (60, 15), StateVec 82
2025-12-25 21:17:41,309 [INFO] Action Space: 1
2025-12-25 21:17:43,396 [INFO] Starting training loop...
2025-12-25 23:18:51,843 [INFO] Initializing Training...
2025-12-25 23:18:51,845 [INFO] TensorBoard: runs/sac_lagrangian_cnn/20251225_231851
2025-12-25 23:18:51,845 [INFO] Models: models/20251225_231851
2025-12-25 23:18:51,845 [INFO] Config: {'__module__': 'Train.config', '__doc__': '\n    全域配置：交易強化學習環境\n    \n    本類整合所有超參數，包含：\n    1. 數據載入\n    2. 市場機理參數（槓桿、手續費、保證金）\n    3. 強化學習訓練（超參數、網路等）\n    4. 獎勵塑形與成本約束\n    5. 策略限制（停損、風險預算）\n    ', 'DATA_PATH': 'Data/BTCUSDT_futures_volume_5years_5min.csv', 'WINDOW_SIZE': 864, 'INITIAL_BALANCE': 10000, 'MIN_BALANCE': 100.0, 'MIN_EPISODE_STEPS': 8760.0, 'MAX_EPISODE_STEPS': 8760.0, 'LEVERAGE': 10, 'TRANSACTION_FEE': 0.005, 'FEE_CURRICULUM_ENABLED': True, 'FEE_CURRICULUM_INITIAL_MULT': 0.05, 'FEE_CURRICULUM_STEP_MULT': 0.05, 'FEE_CURRICULUM_WINRATE_THRESHOLD': 0.6, 'FEE_CURRICULUM_AVG_PROFIT_THRESHOLD_PCT': 20.0, 'FEE_CURRICULUM_MIN_EPISODES': 50, 'FEE_CURRICULUM_MIN_EPISODES_BETWEEN_ADVANCES': 50, 'FEE_MULT_WARMUP_STEPS': 500000, 'FEE_MULT_RAMP_STEPS': None, 'MARKET_STATE_COLS': ['dollar_volume_log_z', 'amihud_z', 'parkinson_vol_z', 'kyle_lambda_z', 'vpin_z', 'trade_entropy_z', 'vol_imbalance_z', 'trades_z', 'hl_spread_z', 'macd_z', 'macd_hist_z', 'smc_structure_trend', 'smc_sweep_up', 'smc_sweep_down', 'smc_dist_to_swing_high', 'smc_dist_to_swing_low', 'smc_displacement_z', 'profile_density', 'lt_ret_5d_z', 'lt_vol_regime', 'lt_vol_5d_z', 'bias_15m', 'bias_1h', 'bias_1d', 'price_pos_in_range', 'atr_z_score', 'tradability_score'], 'MACRO_ENABLED': True, 'MACRO_DATA_DIR': 'Data', 'DAILY_WINDOW_SIZE': 60, 'MACRO_ROLLING_Z_WINDOW': 365, 'MACRO_ROLLING_Z_MIN_PERIODS': 30, 'MACRO_FILES': {'altcoin_season': 'altcoin_season_index_history.csv', 'bmo': 'bitcoin_macro_oscillator_index_history.csv', 'sopr': 'bitcoin_sth_sopr_index_history.csv', 'fear_greed': 'fear_greed_index_history.csv', 'coinglass_btc_1d': 'BTCUSDT_futures_volume_coinglass_5years_1d.csv'}, 'MAINTENANCE_MARGIN_RATE': 0.005, 'LIQUIDATION_WARN_PCT': 0.005, 'STOP_LOSS_WARN_PCT': 0.002, 'MIN_POSITION_CHANGE': 0.3, 'MAX_STEP_POS_CHANGE_PCT': 0.75, 'MAX_POSITION_PCT': 0.75, 'STOP_LOSS_ATR': 4, 'STOP_LOSS_LIQ_BUFFER_PCT': 0.002, 'STOP_LOSS_COOLDOWN_STEPS': 6, 'ACTION_SMOOTHING_ALPHA': 0.8, 'FLIP_BUDGET_MAX': 1.0, 'FLIP_COST': 0.25, 'FLIP_THRESHOLD': 0.2, 'FLIP_RECOVERY_RATE': 0.01, 'FLIP_PROFIT_RECOVERY_RATE': 0.1, 'FEE_LIMIT_ENABLED': False, 'FEE_LIMIT_RATIO': 0.2, 'FEE_ROLLING_WINDOW': 2000, 'REWARD_LOG_RET_WEIGHT': 1, 'REWARD_CONVICTION_TREND_BONUS_WEIGHT': 0.3, 'REWARD_CONVICTION_TREND_MIN_STRENGTH': 0.8, 'REWARD_CONVICTION_MIN_ABS_POS': 0.3, 'ACTION_REPEAT': 1, 'TOTAL_TIMESTEPS': 10000000, 'BATCH_SIZE': 64, 'BUFFER_SIZE': 500000, 'LEARNING_STARTS': 100000, 'GAMMA': 0.99, 'TAU': 0.005, 'LR': 0.0003, 'SEED': 42, 'DEVICE': 'cuda', 'TURNOVER_TAU_MAX': 0.5, 'COST_TURNOVER_FLIP_MULT': 1.0, 'COST_TURNOVER_RISK_REDUCING_MULT': 0.1, 'DEATH_P_MAX': 0.001, 'COST_MARGIN_TARGET': 1.5, 'MARGIN_VIOLATION_MAX': 0.05, 'COST_SL_SAFE_BAND': 0.02, 'STOPLOSS_PROX_VIOLATION_MAX': 0.2, 'COST_SL_MISSING_ALPHA': 0.8, 'COST_SL_MISSING_LCAP': 10, 'COST_SL_CLIP': 1.0, 'COST_SL_TREND_WEIGHT': 0.1, 'COST_LIMITS': [49.99999999999996, 0.09999999999999991, 4.999999999999996, 19.999999999999982], 'LAGRANGIAN_LR': 0.001, 'LAMBDA_LOG_CLAMP_MIN': -5.0, 'LAMBDA_LOG_CLAMP_MAX': 5.0, 'COST_LIMIT_ANNEAL_STEPS': 1000000, 'COST_LIMIT_MULT_START': 50.0, 'COST_LIMIT_MULT_END': 1.0, 'LAGRANGIAN_WARMUP_STEPS': 500000, 'LAGRANGIAN_RAMP_STEPS': 500000, 'LAGRANGIAN_COST_EMA_BETA': 0.99, 'TURNOVER_NOTIONAL_SCALE': None, 'NUM_ENVS': 64, 'LOG_INTERVAL': 219000.0, 'STEP_LOG_ENABLED': False, 'STEP_LOG_DIR': 'step_logs', 'STEP_LOG_EVERY_N': 64, 'FILTER_SMALL_ACTION_THRESHOLD': 0.3, 'FILTER_SMALL_REWARD_THRESHOLD': 0.005, 'FILTER_DROP_PROBABILITY': 0.0, '__dict__': <attribute '__dict__' of 'Config' objects>, '__weakref__': <attribute '__weakref__' of 'Config' objects>}
2025-12-25 23:18:51,845 [INFO] Loading data from Data/BTCUSDT_futures_volume_5years_5min.csv...
2025-12-25 23:20:55,554 [INFO] Fee curriculum initialized: fee_mult=0.05, fee_rate=0.000250
2025-12-25 23:20:56,399 [INFO] Obs Space: PriceSeq (864, 9), DailySeq (60, 15), StateVec 82
2025-12-25 23:20:56,399 [INFO] Action Space: 1
2025-12-25 23:20:57,703 [INFO] Starting training loop...
